I'm sorry, but errors were detected in your script. Please correct the
errors listed below, and try again.


File "game/script.rpy", line 17: expected statement.
    name = "Rodrigo"
         ^

Ren'Py Version: Ren'Py 8.3.4.24120703
Sun Jan  5 00:26:04 2025
